// Jest Snapshot v1, https://goo.gl/fbAQLP

exports[`SessionProvider component should match snapshot 1`] = `
<body>
  <div>
    <div>
      <p>
        Not Authenticated
      </p>
      <p>
        No Credentials
      </p>
      <button>
        Login
      </button>
    </div>
  </div>
</body>
`;
